steps to create my_repo:
========================

# echo "# my_repo" >> README.md
# ls
README.md
# git init
Initialized empty Git repository in /home/acp/my_repo/.git/
# git add README.md 
# git commit -m "first commit"
[master (root-commit) 08e0440] first commit
 1 file changed, 1 insertion(+)
  create mode 100644 README.md
# git remote add origin git@github.td.teradata.com:ap120266/my_repo.git 
# git push -u origin master 
Counting objects: 3, done.
Writing objects: 100% (3/3), 216 bytes | 0 bytes/s, done.
Total 3 (delta 0), reused 0 (delta 0)
To git@github.td.teradata.com:ap120266/my_repo.git
 * [new branch]      master -> master
Branch master set up to track remote branch master from origin.


steps to add a file to my_repo:
===============================

# git add mygit-notes.txt 
# git status
On branch master
Your branch is up-to-date with 'origin/master'.
Changes to be committed:
  (use "git reset HEAD <file>..." to unstage)

        new file:   mygit-notes.txt

# git commit -m "add new file: mygit-notes.txt" mygit-notes.txt
[master 960ca20] add new file: mygit-notes.txt
 1 file changed, 59 insertions(+)
 create mode 100644 mygit-notes.txt
# git push origin master 
Counting objects: 3, done.
Compressing objects: 100% (3/3), done.
Writing objects: 100% (3/3), 822 bytes | 0 bytes/s, done.
Total 3 (delta 1), reused 0 (delta 0)
remote: Resolving deltas: 100% (1/1), completed with 1 local objects.
To git@github.com:ap120266/my_repo.git
   151f610..960ca20  master -> master


steps to change a file to my_repo:
==================================

# vi mygit-notes.txt
# git status
On branch master
Your branch is up-to-date with 'origin/master'.
Changes not staged for commit:
  (use "git add <file>..." to update what will be committed)
  (use "git checkout -- <file>..." to discard changes in working directory)

        modified:   mygit-notes.txt

no changes added to commit (use "git add" and/or "git commit -a")
# git commit -m "test a modification" mygit-notes.txt 
[master 3696bf8] test a modification
 1 file changed, 31 insertions(+)
# git status
On branch master
Your branch is ahead of 'origin/master' by 1 commit.
  (use "git push" to publish your local commits)
nothing to commit, working directory clean
# git push --set-upstream origin master
Counting objects: 3, done.
Compressing objects: 100% (3/3), done.
Writing objects: 100% (3/3), 730 bytes | 0 bytes/s, done.
Total 3 (delta 2), reused 0 (delta 0)
remote: Resolving deltas: 100% (2/2), completed with 2 local objects.
To git@github.com:ap120266/my_repo.git
   960ca20..3696bf8  master -> master
Branch master set up to track remote branch master from origin.


list of commands i've used:
===========================

export NO_CURL=1
export NO_OPENSSL=1

git add mygit_notes.txt
git add sizes.c 

git branch mygit-branch_name        # create a branch
git branch -d mygit-branch-name     # delete a branch
git branch -m mygit-branch-name newgit-branch-name 
git branch -r

git checkout -b mygit-branch-name
git checkout master

git clone git@github.com:ap120266/mygit-repo-name.git
git clone git@github.com:azure/azure-rest-api-specs.git
git clone git@github.com:azure/azure-sdk-for-python.git 
git clone git@github.td.teradata.com:bricklin/bricklin_build_script.git

git commit -a
git commit -m "add new file: sizes.c"
git commit -m "test a modification" sizes.c 

git config --get-all
git config --global --list
git config --global core.autocrlf input
git config --global push.default simple
git config --global user.email 
git config --global user.email "ap120266@teradata.com"
git config --global user.name
git config --global user.name "ap120266"

git diff
git diff --staged 
git fetch
git --help
git help init
git info
git log
git merge master 
git merge mygit-branch-name 

git pull
git push 
git push origin master 
git push --set-upstream origin master 
git push --set-upstream origin mygit-branch-name

git remote set-url master https://github.com/githubteacher/github-for-developers-sept-2015.git
git remote set-url origin git@github.com:githubteacher/github-for-developers-sept-2015.git
git remote set-url origin https://github.com/github/ReactiveCocoa.git
git remote set-url origin https://github.com/githubteacher/github-for-developers-sept-2015.git
git remote -v

git show
git status
git --version

zypper install git
